First cluster begins. needle first marker. First cluster ends. between-first-second-000 between-first-second-001 between-first-second-002 between-first-second-003 between-first-second-004 between-first-second-005 between-first-second-006 between-first-second-007 between-first-second-008 between-first-second-009 between-first-second-010 between-first-second-011 between-first-second-012 between-firs